// Jest Snapshot v1, https://goo.gl/fbAQLP

exports[`components/content/ImageElement archived file 1`] = `
<div>
  <div
    class="MediaLoader ImageElement__loader"
  >
    <div
      class="MediaLoader__error"
    >
      <i
        class="CompassIcon icon-alert-outline MediaLoader__error-icon"
      />
      <span
        class="MediaLoader__error-text"
      >
        Unable to load image
      </span>
      <button
        class="MediaLoader__retry-button"
        type="button"
      >
        <i
          class="CompassIcon icon-refresh"
        />
        Retry
      </button>
    </div>
  </div>
</div>
`;

exports[`components/content/ImageElement should match snapshot 1`] = `
<div>
  <div
    class="MediaLoader ImageElement__loader"
  >
    <div
      class="ImageElement__container"
    >
      <div
        class="ImageElement__wrapper"
      >
        <img
          alt=""
          aria-label="test-title"
          class="ImageElement"
          src="test.jpg"
        />
        <div
          aria-label="View image in full screen"
          class="ImageElement__overlay"
          role="button"
          tabindex="0"
        >
          <div
            class="ImageElement__magnify-icon"
          >
            <i
              class="CompassIcon icon-magnify MagnifyIcon"
            />
          </div>
        </div>
      </div>
      <div
        class="ImageElement__metadata"
      >
        <span
          class="ImageElement__size"
        >
          161.1 KiB
        </span>
        <a
          class="ImageElement__download"
          href="test.jpg"
          rel="noopener noreferrer"
          target="_blank"
        >
          Download
        </a>
      </div>
    </div>
  </div>
</div>
`;
