// Jest Snapshot v1, https://goo.gl/fbAQLP

exports[`components/cardDetail/CardDetailProperties should match snapshot 1`] = `
<div>
  <div
    class="octo-propertylist CardDetailProperties"
  >
    <div
      class="octo-propertyrow"
    >
      <div
        class="octo-propertyname"
      >
        Owner
      </div>
      <div
        class="octo-propertyvalue"
        data-testid="select-non-editable"
        tabindex="0"
      >
        <span
          class="Label propColorDefault "
        >
          <span
            class="Label-text"
          >
            Jean-Luc Picard
          </span>
        </span>
      </div>
    </div>
    <div
      class="octo-propertyrow"
    >
      <div
        class="octo-propertyname"
      >
        MockStatus
      </div>
      <input
        class="Editable octo-propertyvalue"
        placeholder="Empty"
        style="width: 100%;"
        title="1234"
        value="1234"
      />
    </div>
  </div>
</div>
`;
